2026-07-27 12:39:06,347 - INFO - Berhasil menyimpan 3 lowongan ke 'test_output.csv'
2026-07-27 12:39:06,348 - INFO - Berhasil menyimpan 3 lowongan ke 'test_output.json'
2026-07-27 12:50:13,588 - INFO - Mencari lowongan untuk: python developer
2026-07-27 12:50:15,002 - ERROR - Error saat scraping: BrowserType.launch: Executable doesn't exist at /root/.cache/ms-playwright/chromium-1117/chrome-linux/chrome
╔════════════════════════════════════════════════════════════╗
║ Looks like Playwright was just installed or updated.       ║
║ Please run the following command to download new browsers: ║
║                                                            ║
║     playwright install                                     ║
║                                                            ║
║ <3 Playwright Team                                         ║
╚════════════════════════════════════════════════════════════╝
2026-07-27 12:50:15,002 - ERROR - Error: BrowserType.launch: Executable doesn't exist at /root/.cache/ms-playwright/chromium-1117/chrome-linux/chrome
╔════════════════════════════════════════════════════════════╗
║ Looks like Playwright was just installed or updated.       ║
║ Please run the following command to download new browsers: ║
║                                                            ║
║     playwright install                                     ║
║                                                            ║
║ <3 Playwright Team                                         ║
╚════════════════════════════════════════════════════════════╝
2026-07-27 12:53:49,250 - INFO - Mencari lowongan untuk: python developer
2026-07-27 12:53:50,485 - ERROR - Error saat scraping: BrowserType.launch: 
╔══════════════════════════════════════════════════════╗
║ Host system is missing dependencies to run browsers. ║
║ Missing libraries:                                   ║
║     libgtk-3.so.0                                    ║
║     libgdk-3.so.0                                    ║
╚══════════════════════════════════════════════════════╝
2026-07-27 12:53:50,485 - ERROR - Error: BrowserType.launch: 
╔══════════════════════════════════════════════════════╗
║ Host system is missing dependencies to run browsers. ║
║ Missing libraries:                                   ║
║     libgtk-3.so.0                                    ║
║     libgdk-3.so.0                                    ║
╚══════════════════════════════════════════════════════╝
2026-07-27 12:54:30,350 - INFO - Mencari lowongan untuk: python developer
2026-07-27 12:54:41,630 - ERROR - Error saat scraping: 'module' object is not callable
2026-07-27 12:54:41,641 - ERROR - Error: 'module' object is not callable
2026-07-27 12:54:59,823 - INFO - Mencari lowongan untuk: python developer
2026-07-27 12:55:07,268 - ERROR - Error saat scraping: Stealth.__init__() takes 1 positional argument but 2 were given
2026-07-27 12:55:07,268 - ERROR - Error: Stealth.__init__() takes 1 positional argument but 2 were given
2026-07-27 12:55:19,328 - INFO - Mencari lowongan untuk: python developer
2026-07-27 12:55:24,282 - INFO - Navigasi ke: https://contoh-situs-loker.com/jobs?q=python developer
2026-07-27 12:55:27,824 - ERROR - Error saat scraping: Page.goto: NS_ERROR_UNKNOWN_HOST
Call log:
navigating to "https://contoh-situs-loker.com/jobs?q=python%20developer", waiting until "load"

2026-07-27 12:55:27,824 - ERROR - Error: Page.goto: NS_ERROR_UNKNOWN_HOST
Call log:
navigating to "https://contoh-situs-loker.com/jobs?q=python%20developer", waiting until "load"

